// Jest Snapshot v1, https://goo.gl/fbAQLP

exports[`SourcesEmptyState Component should render a basic component: basic 1`] = `
<EmptyState
  className="quipucords-empty-state"
  variant="large"
>
  <EmptyStateIcon
    icon={[Function]}
  />
  <Title
    headingLevel="h1"
  >
    t(view.empty-state, {"context":"title","name":"Quipucords"})
  </Title>
  <EmptyStateBody>
    t(view.empty-state, {"context":"description"})
  </EmptyStateBody>
  <EmptyStatePrimary>
    <Button
      onClick={[Function]}
    >
      t(view.empty-state, {"context":"label"})
    </Button>
  </EmptyStatePrimary>
</EmptyState>
`;

exports[`SourcesEmptyState Component should render the application name: application name 1`] = `
<h1
  class="pf-c-title pf-m-2xl"
  data-ouia-component-id="OUIA-Generated-Title-1"
  data-ouia-component-type="PF4/Title"
  data-ouia-safe="true"
>
  t(view.empty-state, {"context":"title","name":"Ipsum"})
</h1>
`;
