// Jest Snapshot v1, https://goo.gl/fbAQLP

exports[`getAuthType should return a credential type: credentialTypes 1`] = `
[
  "Username and Password",
  "Token",
  "SSH Key",
  "SSH Key File",
  "Unknown credential type",
  "Unknown credential type",
]
`;

exports[`getTimeDisplayHowLongAgo should return a timestamp estimate: timestamps 1`] = `
[
  "a few seconds ago",
  "a month ago",
  "a day ago",
]
`;
