// Jest Snapshot v1, https://goo.gl/fbAQLP

exports[`TouchSpin Component should render a basic component: basic 1`] = `
<touchspin
  props="{
  "name": "lorem",
  "className": "",
  "labelMax": {
    "key": null,
    "ref": null,
    "props": {
      "color": "currentColor",
      "size": "sm",
      "noVerticalAlign": false
    },
    "_owner": null,
    "_store": {}
  },
  "labelMaxDescription": null,
  "labelMin": {
    "key": null,
    "ref": null,
    "props": {
      "color": "currentColor",
      "size": "sm",
      "noVerticalAlign": false
    },
    "_owner": null,
    "_store": {}
  },
  "labelMinDescription": null,
  "maxValue": 100,
  "minValue": 0,
  "value": 50,
  "children": []
}"
>
  <div
    class="pf-c-number-input "
  >
    <div
      class="pf-c-input-group"
    >
      <button
        aria-disabled="false"
        aria-label="t(form-dialog.label_touchspin, {"context":"min"})"
        class="pf-c-button pf-m-control"
        data-ouia-component-id="OUIA-Generated-Button-control-1"
        data-ouia-component-type="PF4/Button"
        data-ouia-safe="true"
        type="button"
      >
        <svg
          aria-hidden="true"
          fill="currentColor"
          height="1em"
          role="img"
          style="vertical-align: -0.125em;"
          viewBox="0 0 448 512"
          width="1em"
        >
          <path
            d="M416 208H32c-17.67 0-32 14.33-32 32v32c0 17.67 14.33 32 32 32h384c17.67 0 32-14.33 32-32v-32c0-17.67-14.33-32-32-32z"
          />
        </svg>
      </button>
      <input
        aria-invalid="false"
        aria-label="t(form-dialog.label_touchspin, {"context":"input"})"
        class="pf-c-form-control"
        data-ouia-component-id="OUIA-Generated-TextInputBase-1"
        data-ouia-component-type="PF4/TextInput"
        data-ouia-safe="true"
        name="lorem"
        type="number"
        value="50"
      />
      <button
        aria-disabled="false"
        aria-label="t(form-dialog.label_touchspin, {"context":"max"})"
        class="pf-c-button pf-m-control"
        data-ouia-component-id="OUIA-Generated-Button-control-2"
        data-ouia-component-type="PF4/Button"
        data-ouia-safe="true"
        type="button"
      >
        <svg
          aria-hidden="true"
          fill="currentColor"
          height="1em"
          role="img"
          style="vertical-align: -0.125em;"
          viewBox="0 0 448 512"
          width="1em"
        >
          <path
            d="M416 208H272V64c0-17.67-14.33-32-32-32h-32c-17.67 0-32 14.33-32 32v144H32c-17.67 0-32 14.33-32 32v32c0 17.67 14.33 32 32 32h144v144c0 17.67 14.33 32 32 32h32c17.67 0 32-14.33 32-32V304h144c17.67 0 32-14.33 32-32v-32c0-17.67-14.33-32-32-32z"
          />
        </svg>
      </button>
    </div>
  </div>
</touchspin>
`;
