// Jest Snapshot v1, https://goo.gl/fbAQLP

exports[`I18nHelpers should attempt to perform a string replace: translate 1`] = `
{
  "emptyContext": "t(lorem.ipsum, {"context":" "})",
  "emptyPartialContext": "t(lorem.ipsum_hello, {"context":" "})",
  "localeKey": "t(lorem.ipsum)",
  "multiContext": "t(lorem.ipsum_hello, {"context":"world"})",
  "multiContextWithEmptyValue": "t(lorem.ipsum_hello, {"context":"world"})",
  "multiKey": "t([lorem.ipsum,lorem.fallback])",
  "placeholder": "t(lorem.ipsum, hello world)",
}
`;

exports[`I18nHelpers should attempt to perform translate with a node: translated node 1`] = `
<examplecomponent
  props="{
  "children": []
}"
>
  <div>
    t(lorem.ipsum, {"hello":"world"}, [object Object])
  </div>
</examplecomponent>
`;

exports[`I18nHelpers should have specific functions: i18nHelpers 1`] = `
{
  "EMPTY_CONTEXT": "LOCALE_EMPTY_CONTEXT",
  "translate": [Function],
}
`;
